<html>
<body>
<pre>
<h1>µVision Build Log</h1>
<h2>Project:</h2>
C:\Users\mostl\OneDrive\Acer R14\Projects\School\Keil v4\347_Project3\347_Project3\Lab2.uvproj
Project File Date:  12/05/2018

<h2>Output:</h2>
Rebuild target 'HelloLaunchPad'
assembling startup.s...
compiling SysTick.c...
compiling PLL.c...
compiling Nokia5110.c...
compiling Period_Measurement_Timeout.c...
compiling ADCSWTrigger.c...
linking...
Program Size: Code=4652 RO-data=1088 RW-data=232 ZI-data=1120  
".\HelloLaunchPad.axf" - 0 Error(s), 0 Warning(s).
Load "C:\\Users\\mostl\\OneDrive\\Acer R14\\Projects\\School\\Keil v4\\347_Project3\\347_Project3\\HelloLaunchPad.axf" 
Connecting: Mode=JTAG, Speed=1000000Hz
Erase Done.
Programming Done.
Verify OK.
</pre>
</body>
</html>
eDrive\\Acer R14\\Projects\\School\\Keil v4\\347_Project3\\347_Project3\\HelloLaunchPad.axf" 
Connecting: Mode=JTAG, Speed=1000000Hz
Connection failed!, error code=&d
Error: Flash Download failed  -  Target DLL has been cancelled
