<html>
<body>
<pre>
<h1>µVision Build Log</h1>
<h2>Project:</h2>
C:\Users\mostl\OneDrive\Acer R14\Projects\School\Keil v4\347_Project3_Revision\347_Project3\Lab2.uvproj
Project File Date:  12/08/2018

<h2>Output:</h2>
Rebuild target 'HelloLaunchPad'
assembling startup.s...
compiling main.c...
compiling states.c...
states.c(79): warning:  #1-D: last line of file ends without a newline
        
states.c: 1 warning, 0 errors
compiling ADCSWTrigger.c...
linking...
Program Size: Code=8314 RO-data=610 RW-data=280 ZI-data=1120  
".\HelloLaunchPad.axf" - 0 Error(s), 1 Warning(s).
Load "C:\\Users\\mostl\\OneDrive\\Acer R14\\Projects\\School\\Keil v4\\347_Project3_Revision\\347_Project3\\HelloLaunchPad.axf" 
Connecting: Mode=JTAG, Speed=1000000Hz
Erase Done.
Programming Done.
Verify OK.
</pre>
</body>
</html>
rget DLL has been cancelled
Load "C:\\Users\\mostl\\OneDrive\\Acer R14\\Projects\\School\\Keil v4\\347_Project3_Revision\\347_Project3\\HelloLaunchPad.axf" 
Connecting: Mode=JTAG, Speed=1000000Hz
Erase Done.
Programming Done.
Verify OK.
  -  Target DLL has been cancelled
Load "C:\\Users\\mostl\\OneDrive\\Acer R14\\Projects\\School\\Keil v4\\347_Project3_Revision\\347_Project3\\HelloLaunchPad.axf" 
Connecting: Mode=JTAG, Speed=1000000Hz
Connection failed!, error code=&d
Error: Flash Download failed  -  Target DLL has been cancelled
Load "C:\\Users\\mostl\\OneDrive\\Acer R14\\Projects\\School\\Keil v4\\347_Project3_Revision\\347_Project3\\HelloLaunchPad.axf" 
Connecting: Mode=JTAG, Speed=1000000Hz
Erase Done.
Programming Done.
Verify OK.
